// Vitest Snapshot v1

exports[`Mount component 1`] = `"<ul class=\\"v-list\\" data-v-6f43a325=\\"\\"></ul>"`;
