// Vitest Snapshot v1

exports[`Mount component 1`] = `"<div class=\\"v-card-actions\\" data-v-f103ec72=\\"\\">Slot Content</div>"`;
