// Vitest Snapshot v1

exports[`Mount component 1`] = `"<div class=\\"v-card-subtitle\\" data-v-61aef43e=\\"\\">Slot Content</div>"`;
