// Vitest Snapshot v1

exports[`Mount component 1`] = `"<div class=\\"v-card-text\\" data-v-028451d3=\\"\\">Slot Content</div>"`;
