// Vitest Snapshot v1

exports[`Mount component 1`] = `"<span class=\\"v-chip label\\" data-v-fbac005a=\\"\\"><span class=\\"chip-content\\" data-v-fbac005a=\\"\\"><!--v-if--></span></span>"`;
