// Vitest Snapshot v1

exports[`Mount component 1`] = `
"<div class=\\"icon\\" data-v-f5b5f14e=\\"\\">
  <v-icon-stub name=\\"insert_drive_file\\" data-v-f5b5f14e=\\"\\"></v-icon-stub><span class=\\"label\\" data-v-f5b5f14e=\\"\\">png</span>
</div>"
`;
