// Vitest Snapshot v1

exports[`Mount component 1`] = `
"<div class=\\"v-notice normal\\" data-v-eb1a46c2=\\"\\">
  <v-icon-stub name=\\"info\\" left=\\"\\" data-v-eb1a46c2=\\"\\"></v-icon-stub>
</div>"
`;
