// Vitest Snapshot v1

exports[`Mount component 1`] = `"<div class=\\"v-tabs horizontal\\" data-v-2bea93f6=\\"\\">Some value</div>"`;
