// Vitest Snapshot v1

exports[`Mount component 1`] = `"<div class=\\"v-text-overflow\\" data-v-6410b7aa=\\"\\">My text</div>"`;
