// Vitest Snapshot v1

exports[`Mount component 1`] = `
"<div class=\\"v-workspace\\" style=\\"width: 480px; height: 280px;\\" data-v-9d2ce9c4=\\"\\">
  <div class=\\"workspace\\" style=\\"transform: scale(1); width: 480px; height: 280px;\\" data-v-9d2ce9c4=\\"\\">
    <v-workspace-tile-stub id=\\"1\\" x=\\"1\\" y=\\"1\\" width=\\"10\\" height=\\"10\\" name=\\"My Tile 1\\" edit-mode=\\"false\\" resizable=\\"true\\" data-v-9d2ce9c4=\\"\\"></v-workspace-tile-stub>
    <v-workspace-tile-stub id=\\"2\\" x=\\"15\\" y=\\"5\\" width=\\"10\\" height=\\"10\\" name=\\"My Tile 2\\" edit-mode=\\"false\\" resizable=\\"true\\" data-v-9d2ce9c4=\\"\\"></v-workspace-tile-stub>
  </div>
</div>"
`;
