// Vitest Snapshot v1

exports[`Mount component 1`] = `
"<div class=\\"v-workspace-tile draggable br-tl br-tr br-br br-bl\\" style=\\"--pos-x: 1; --pos-y: 1; --width: 10; --height: 10;\\" data-move=\\"\\" data-v-5fcd0cad=\\"\\">
  <div class=\\"header\\" data-v-5fcd0cad=\\"\\">
    <v-icon-stub class=\\"icon\\" style=\\"--v-icon-color: var(--primary);\\" name=\\"space_dashboard\\" small=\\"\\" data-v-5fcd0cad=\\"\\"></v-icon-stub>
    <v-text-overflow-stub class=\\"name\\" text=\\"\\" data-v-5fcd0cad=\\"\\"></v-text-overflow-stub>
    <div class=\\"spacer\\" data-v-5fcd0cad=\\"\\"></div>
    <!--v-if-->
  </div>
  <!--v-if-->
  <div class=\\"resize-details\\" data-v-5fcd0cad=\\"\\"> (0:0) 10Ã—10</div>
  <!--v-if-->
  <div class=\\"tile-content has-header\\" data-v-5fcd0cad=\\"\\">
    <!--v-if-->
  </div>
</div>"
`;
